
R version 3.4.1 (2017-06-30) -- "Single Candle"
Copyright (C) 2017 The R Foundation for Statistical Computing
Platform: x86_64-pc-linux-gnu (64-bit)

R is free software and comes with ABSOLUTELY NO WARRANTY.
You are welcome to redistribute it under certain conditions.
Type 'license()' or 'licence()' for distribution details.

R is a collaborative project with many contributors.
Type 'contributors()' for more information and
'citation()' on how to cite R or R packages in publications.

Type 'demo()' for some demos, 'help()' for on-line help, or
'help.start()' for an HTML browser interface to help.
Type 'q()' to quit R.

> library(vpc)
> library(testit)
> 
> mock_dat <- data.frame(1, 1, 1, 1)
> col_names <- c("SITE", "GENOTYPE", "RACE", "TRT")
> names(mock_dat) <- col_names
> 
> all_correct <- c("SITE", "GENOTYPE", "RACE", "TRT")
> single_correct<- c("TRT")
> not_exist <- c("GENDER")
> some_exist <- c("GENOTYPE", "RACE", "GENDER")
> 
> assert("diffs captured properly", 
+    length(setdiff(some_exist, col_names)) == 1
+ )
> assert("diffs captured properly", 
+    length(setdiff(all_correct, col_names)) == 0
+ )
> assert("diffs captured properly", 
+    length(setdiff(not_exist, col_names)) == 1
+ )
> assert("diffs captured properly", 
+    length(setdiff(single_correct, col_names)) == 0
+ )
> # expect_error(check_stratification_columns_available(mock_dat, some_exist)) 
> 
> assert("expectation throws error if input not a named software type",
+   vpc:::check_stratification_columns_available(mock_dat, all_correct)
+ )
> 
> proc.time()
   user  system elapsed 
  0.240   0.332   0.220 
